// Jest Snapshot v1, https://goo.gl/fbAQLP

exports[`Box should renders snapshot 1`] = `
<div>
  <p
    class="  flex justify-center items-center tracking-widest
            h-[73px] p-4 font-bold text-xl rounded-2xl my-4
          "
  />
</div>
`;
